============================= test session starts ==============================
platform darwin -- Python 3.9.6, pytest-8.4.1, pluggy-1.6.0
rootdir: /Users/xian/Development/piper-morgan
configfile: pyproject.toml
plugins: anyio-3.7.1, asyncio-1.0.0
asyncio: mode=auto, asyncio_default_fixture_loop_scope=None, asyncio_default_test_loop_scope=function
collected 5 items / 4 deselected / 1 selected

tests/test_file_scoring_weights.py .                                     [100%]

=============================== warnings summary ===============================
.venv/lib/python3.9/site-packages/urllib3/__init__.py:35
  /Users/xian/Development/piper-morgan/.venv/lib/python3.9/site-packages/urllib3/__init__.py:35: NotOpenSSLWarning: urllib3 v2 only supports OpenSSL 1.1.1+, currently the 'ssl' module is compiled with 'LibreSSL 2.8.3'. See: https://github.com/urllib3/urllib3/issues/3020
    warnings.warn(

.venv/lib/python3.9/site-packages/PyPDF2/__init__.py:21
  /Users/xian/Development/piper-morgan/.venv/lib/python3.9/site-packages/PyPDF2/__init__.py:21: DeprecationWarning: PyPDF2 is deprecated. Please move to the pypdf library instead.
    warnings.warn(

.venv/lib/python3.9/site-packages/github/MainClass.py:145
.venv/lib/python3.9/site-packages/github/MainClass.py:145
  /Users/xian/Development/piper-morgan/.venv/lib/python3.9/site-packages/github/MainClass.py:145: DeprecationWarning: Argument login_or_token is deprecated, please use auth=github.Auth.Token(...) instead
    warnings.warn(

-- Docs: https://docs.pytest.org/en/stable/how-to/capture-warnings.html
================= 1 passed, 4 deselected, 4 warnings in 0.41s ==================
